
分配公共符号
公共符号            大小              文件

idt_ptr             0x6               kernel/global.o
task_stack          0x28000           kernel/global.o
k_reenter           0x4               kernel/global.o
gdt                 0x400             kernel/global.o
tty_table           0xc60             kernel/global.o
tss                 0x68              kernel/global.o
nr_current_console  0x4               kernel/global.o
disp_pos            0x4               kernel/global.o
gdt_ptr             0x6               kernel/global.o
idt                 0x800             kernel/global.o
ticks               0x4               kernel/global.o
console_table       0x30              kernel/global.o
irq_table           0x80              kernel/global.o
p_proc_ready        0x8               kernel/global.o
proc_table          0x370             kernel/global.o

Discarded input sections

 .note.GNU-stack
                0x0000000000000000        0x0 kernel/start.o
 .note.GNU-stack
                0x0000000000000000        0x0 kernel/main.o
 .note.GNU-stack
                0x0000000000000000        0x0 kernel/clock.o
 .note.GNU-stack
                0x0000000000000000        0x0 kernel/keyboard.o
 .note.GNU-stack
                0x0000000000000000        0x0 kernel/tty.o
 .note.GNU-stack
                0x0000000000000000        0x0 kernel/console.o
 .note.GNU-stack
                0x0000000000000000        0x0 kernel/i8259.o
 .note.GNU-stack
                0x0000000000000000        0x0 kernel/global.o
 .note.GNU-stack
                0x0000000000000000        0x0 kernel/protect.o
 .note.GNU-stack
                0x0000000000000000        0x0 kernel/proc.o
 .note.GNU-stack
                0x0000000000000000        0x0 kernel/systask.o
 .note.GNU-stack
                0x0000000000000000        0x0 kernel/printf.o
 .note.GNU-stack
                0x0000000000000000        0x0 kernel/vsprintf.o
 .note.GNU-stack
                0x0000000000000000        0x0 lib/klib.o
 .note.GNU-stack
                0x0000000000000000        0x0 lib/misc.o

内存配置

名称           来源             长度             属性
*default*        0x0000000000000000 0xffffffffffffffff

Linker script and memory map

段 .text 的地址设置为 0x30400
LOAD kernel/kernel.o
LOAD kernel/syscall.o
LOAD kernel/start.o
LOAD kernel/main.o
LOAD kernel/clock.o
LOAD kernel/keyboard.o
LOAD kernel/tty.o
LOAD kernel/console.o
LOAD kernel/i8259.o
LOAD kernel/global.o
LOAD kernel/protect.o
LOAD kernel/proc.o
LOAD kernel/systask.o
LOAD kernel/printf.o
LOAD kernel/vsprintf.o
LOAD lib/kliba.o
LOAD lib/klib.o
LOAD lib/string.o
LOAD lib/misc.o
                0x0000000000400000                PROVIDE (__executable_start, 0x400000)
                0x00000000004000e8                . = (0x400000 + SIZEOF_HEADERS)

.interp
 *(.interp)

.note.gnu.build-id
 *(.note.gnu.build-id)

.hash
 *(.hash)

.gnu.hash
 *(.gnu.hash)

.dynsym
 *(.dynsym)

.dynstr
 *(.dynstr)

.gnu.version
 *(.gnu.version)

.gnu.version_d
 *(.gnu.version_d)

.gnu.version_r
 *(.gnu.version_r)

.rela.dyn       0x00000000004000e8        0x0
 *(.rela.init)
 *(.rela.text .rela.text.* .rela.gnu.linkonce.t.*)
 .rela.text     0x0000000000000000        0x0 kernel/start.o
 *(.rela.fini)
 *(.rela.rodata .rela.rodata.* .rela.gnu.linkonce.r.*)
 *(.rela.data .rela.data.* .rela.gnu.linkonce.d.*)
 .rela.data     0x0000000000000000        0x0 kernel/start.o
 *(.rela.tdata .rela.tdata.* .rela.gnu.linkonce.td.*)
 *(.rela.tbss .rela.tbss.* .rela.gnu.linkonce.tb.*)
 *(.rela.ctors)
 *(.rela.dtors)
 *(.rela.got)
 *(.rela.bss .rela.bss.* .rela.gnu.linkonce.b.*)
 *(.rela.ldata .rela.ldata.* .rela.gnu.linkonce.l.*)
 *(.rela.lbss .rela.lbss.* .rela.gnu.linkonce.lb.*)
 *(.rela.lrodata .rela.lrodata.* .rela.gnu.linkonce.lr.*)
 *(.rela.ifunc)

.rela.plt       0x00000000004000e8        0x0
 *(.rela.plt)
                0x00000000004000e8                PROVIDE (__rela_iplt_start, .)
 *(.rela.iplt)
 .rela.iplt     0x0000000000000000        0x0 kernel/start.o
                0x00000000004000e8                PROVIDE (__rela_iplt_end, .)

.init
 *(SORT(.init))

.plt            0x00000000004000f0        0x0
 *(.plt)
 *(.iplt)
 .iplt          0x0000000000000000        0x0 kernel/start.o

.text           0x0000000000030400     0x4560
 *(.text.unlikely .text.*_unlikely .text.unlikely.*)
 *(.text.exit .text.exit.*)
 *(.text.startup .text.startup.*)
 *(.text.hot .text.hot.*)
 *(.text .stub .text.* .gnu.linkonce.t.*)
 .text          0x0000000000030400      0x317 kernel/kernel.o
                0x0000000000030400                _start
                0x0000000000030440                hwint00
                0x0000000000030470                hwint01
                0x00000000000304a0                hwint02
                0x00000000000304d0                hwint03
                0x0000000000030500                hwint04
                0x0000000000030530                hwint05
                0x0000000000030560                hwint06
                0x0000000000030590                hwint07
                0x00000000000305c0                hwint08
                0x00000000000305d0                hwint09
                0x00000000000305e0                hwint10
                0x00000000000305f0                hwint11
                0x0000000000030600                hwint12
                0x0000000000030610                hwint13
                0x0000000000030620                hwint14
                0x0000000000030630                hwint15
                0x000000000003063b                divide_error
                0x0000000000030641                single_step_exception
                0x0000000000030647                nmi
                0x000000000003064d                breakpoint_exception
                0x0000000000030653                overflow
                0x0000000000030659                bounds_check
                0x000000000003065f                inval_opcode
                0x0000000000030665                copr_not_available
                0x000000000003066b                double_fault
                0x000000000003066f                copr_seg_overrun
                0x0000000000030675                inval_tss
                0x0000000000030679                segment_not_present
                0x000000000003067d                stack_exception
                0x0000000000030681                general_protection
                0x0000000000030685                page_fault
                0x0000000000030689                copr_error
                0x00000000000306d2                sys_call
                0x00000000000306f2                restart
 *fill*         0x0000000000030717        0x9 
 .text          0x0000000000030720       0x20 kernel/syscall.o
                0x0000000000030720                sendrec
                0x0000000000030734                printx
 .text          0x0000000000030740       0x98 kernel/start.o
                0x0000000000030740                cstart
 .text          0x00000000000307d8      0x44d kernel/main.o
                0x00000000000307d8                kernel_main
                0x0000000000030aaa                get_ticks
                0x0000000000030ae0                TestA
                0x0000000000030b0b                TestB
                0x0000000000030b2a                TestC
                0x0000000000030b49                panic
 .text          0x0000000000030c25       0xe6 kernel/clock.o
                0x0000000000030c25                clock_handler
                0x0000000000030c77                milli_delay
                0x0000000000030cbf                init_clock
 .text          0x0000000000030d0b      0x712 kernel/keyboard.o
                0x0000000000030d0b                keyboard_handler
                0x0000000000030d78                init_keyboard
                0x0000000000030de2                keyboard_read
 .text          0x000000000003141d      0x5fe kernel/tty.o
                0x000000000003141d                task_tty
                0x00000000000314e4                in_process
                0x000000000003177f                tty_write
                0x00000000000317d5                sys_printx
 .text          0x0000000000031a1b      0x488 kernel/console.o
                0x0000000000031a1b                init_screen
                0x0000000000031b61                is_current_console
                0x0000000000031b87                out_char
                0x0000000000031dee                select_console
                0x0000000000031e29                scroll_screen
 .text          0x0000000000031ea3      0x11b kernel/i8259.o
                0x0000000000031ea3                init_8259A
                0x0000000000031f67                spurious_irq
                0x0000000000031f92                put_irq_handler
 .text          0x0000000000031fbe        0x0 kernel/global.o
 .text          0x0000000000031fbe      0x6cb kernel/protect.o
                0x0000000000031fbe                init_prot
                0x000000000003245f                seg2phys
                0x000000000003252c                exception_handler
 .text          0x0000000000032689     0x19b3 kernel/proc.o
                0x0000000000032689                schedule
                0x0000000000032728                sys_sendrec
                0x000000000003287b                send_recv
                0x0000000000032943                ldt_seg_linear
                0x000000000003299d                va2la
                0x0000000000032a1f                reset_msg
                0x0000000000033a84                dump_proc
                0x0000000000033ed6                dump_msg
 .text          0x000000000003403c       0x5c kernel/systask.o
                0x000000000003403c                task_sys
 .text          0x0000000000034098       0xed kernel/printf.o
                0x0000000000034098                printf
 .text          0x0000000000034185      0x4a2 kernel/vsprintf.o
                0x00000000000341f5                vsprintf
                0x000000000003459a                sprintf
 *fill*         0x0000000000034627        0x9 
 .text          0x0000000000034630       0xeb lib/kliba.o
                0x0000000000034630                disp_str
                0x000000000003466e                disp_color_str
                0x00000000000346ad                out_byte
                0x00000000000346b9                in_byte
                0x00000000000346c3                disable_irq
                0x00000000000346f8                enable_irq
                0x0000000000034717                disable_int
                0x0000000000034719                enable_int
 .text          0x000000000003471b      0x154 lib/klib.o
                0x000000000003471b                itoa
                0x00000000000347db                disp_int
                0x0000000000034828                delay
 *fill*         0x000000000003486f        0x1 
 .text          0x0000000000034870       0x78 lib/string.o
                0x0000000000034870                memcpy
                0x0000000000034899                memset
                0x00000000000348ba                strcpy
                0x00000000000348d2                strlen
 .text          0x00000000000348e8       0x78 lib/misc.o
                0x00000000000348e8                spin
                0x000000000003490c                assertion_failure
 *(.gnu.warning)

.fini
 *(SORT(.fini))
                0x0000000000034960                PROVIDE (__etext, .)
                0x0000000000034960                PROVIDE (_etext, .)
                0x0000000000034960                PROVIDE (etext, .)

.rodata         0x0000000000034960      0xe69
 *(.rodata .rodata.* .gnu.linkonce.r.*)
 .rodata        0x0000000000034960       0x47 kernel/start.o
 *fill*         0x00000000000349a7        0x1 
 .rodata        0x00000000000349a8       0x3f kernel/main.o
 *fill*         0x00000000000349e7        0x1 
 .rodata        0x00000000000349e8       0xc8 kernel/keyboard.o
 .rodata        0x0000000000034ab0      0x120 kernel/tty.o
 .rodata        0x0000000000034bd0       0x11 kernel/i8259.o
 *fill*         0x0000000000034be1       0x1f 
 .rodata        0x0000000000034c00      0x540 kernel/protect.o
 .rodata        0x0000000000035140      0x616 kernel/proc.o
 .rodata        0x0000000000035756       0x11 kernel/systask.o
 *fill*         0x0000000000035767        0x1 
 .rodata        0x0000000000035768       0x61 lib/misc.o

.rodata1
 *(.rodata1)

.eh_frame_hdr
 *(.eh_frame_hdr)

.eh_frame       0x00000000000357d0      0x850
 *(.eh_frame)
 .eh_frame      0x00000000000357d0       0x38 kernel/start.o
 .eh_frame      0x0000000000035808       0xc0 kernel/main.o
                                         0xc8 (size before relaxing)
 .eh_frame      0x00000000000358c8       0x60 kernel/clock.o
                                         0x78 (size before relaxing)
 .eh_frame      0x0000000000035928       0xe0 kernel/keyboard.o
                                         0xf8 (size before relaxing)
 .eh_frame      0x0000000000035a08      0x108 kernel/tty.o
                                        0x118 (size before relaxing)
 .eh_frame      0x0000000000035b10      0x100 kernel/console.o
                                        0x118 (size before relaxing)
 .eh_frame      0x0000000000035c10       0x60 kernel/i8259.o
                                         0x78 (size before relaxing)
 .eh_frame      0x0000000000035c70       0xa0 kernel/protect.o
                                         0xb8 (size before relaxing)
 .eh_frame      0x0000000000035d10      0x1c0 kernel/proc.o
                                        0x1d0 (size before relaxing)
 .eh_frame      0x0000000000035ed0       0x20 kernel/systask.o
                                         0x38 (size before relaxing)
 .eh_frame      0x0000000000035ef0       0x28 kernel/printf.o
                                         0x40 (size before relaxing)
 .eh_frame      0x0000000000035f18       0x68 kernel/vsprintf.o
                                         0x80 (size before relaxing)
 .eh_frame      0x0000000000035f80       0x60 lib/klib.o
                                         0x78 (size before relaxing)
 .eh_frame      0x0000000000035fe0       0x40 lib/misc.o
                                         0x58 (size before relaxing)

.gcc_except_table
 *(.gcc_except_table .gcc_except_table.*)

.exception_ranges
 *(.exception_ranges .exception_ranges*)
                0x0000000000036020                . = (ALIGN (0x200000) - ((0x200000 - .) & 0x1fffff))
                0x0000000000236020                . = DATA_SEGMENT_ALIGN (0x200000, 0x1000)

.eh_frame
 *(.eh_frame)

.gcc_except_table
 *(.gcc_except_table .gcc_except_table.*)

.exception_ranges
 *(.exception_ranges .exception_ranges*)

.tdata
 *(.tdata .tdata.* .gnu.linkonce.td.*)

.tbss
 *(.tbss .tbss.* .gnu.linkonce.tb.*)
 *(.tcommon)

.preinit_array  0x0000000000236020        0x0
                0x0000000000236020                PROVIDE (__preinit_array_start, .)
 *(.preinit_array)
                0x0000000000236020                PROVIDE (__preinit_array_end, .)

.init_array     0x0000000000236020        0x0
                0x0000000000236020                PROVIDE (__init_array_start, .)
 *(SORT(.init_array.*) SORT(.ctors.*))
 *(.init_array EXCLUDE_FILE(*crtend?.o *crtend.o *crtbegin?.o *crtbegin.o) .ctors)
                0x0000000000236020                PROVIDE (__init_array_end, .)

.fini_array     0x0000000000236020        0x0
                0x0000000000236020                PROVIDE (__fini_array_start, .)
 *(SORT(.fini_array.*) SORT(.dtors.*))
 *(.fini_array EXCLUDE_FILE(*crtend?.o *crtend.o *crtbegin?.o *crtbegin.o) .dtors)
                0x0000000000236020                PROVIDE (__fini_array_end, .)

.ctors
 *crtbegin.o(.ctors)
 *crtbegin?.o(.ctors)
 *(EXCLUDE_FILE(*crtend?.o *crtend.o) .ctors)
 *(SORT(.ctors.*))
 *(.ctors)

.dtors
 *crtbegin.o(.dtors)
 *crtbegin?.o(.dtors)
 *(EXCLUDE_FILE(*crtend?.o *crtend.o) .dtors)
 *(SORT(.dtors.*))
 *(.dtors)

.jcr
 *(.jcr)

.data.rel.ro
 *(.data.rel.ro.local* .gnu.linkonce.d.rel.ro.local.*)
 *(.data.rel.ro .data.rel.ro.* .gnu.linkonce.d.rel.ro.*)

.dynamic
 *(.dynamic)

.got
 *(.got)
 *(.igot)
                0x0000000000236020                . = DATA_SEGMENT_RELRO_END (., (SIZEOF (.got.plt) >= 0x18)?0x18:0x0)

.got.plt        0x0000000000236020        0x0
 *(.got.plt)
 *(.igot.plt)
 .igot.plt      0x0000000000000000        0x0 kernel/start.o

.data           0x0000000000236020      0x728
 *(.data .data.* .gnu.linkonce.d.*)
 .data          0x0000000000236020        0x2 kernel/kernel.o
 .data          0x0000000000236022        0x0 kernel/start.o
 .data          0x0000000000236022        0x0 kernel/main.o
 .data          0x0000000000236022        0x0 kernel/clock.o
 *fill*         0x0000000000236022       0x1e 
 .data          0x0000000000236040      0x600 kernel/keyboard.o
                0x0000000000236040                keymap
 .data          0x0000000000236640        0x0 kernel/tty.o
 .data          0x0000000000236640        0x0 kernel/console.o
 .data          0x0000000000236640        0x0 kernel/i8259.o
 .data          0x0000000000236640      0x108 kernel/global.o
                0x0000000000236640                task_table
                0x00000000002366a0                user_proc_table
                0x0000000000236730                sys_call_table
 .data          0x0000000000236748        0x0 kernel/protect.o
 .data          0x0000000000236748        0x0 kernel/proc.o
 .data          0x0000000000236748        0x0 kernel/systask.o
 .data          0x0000000000236748        0x0 kernel/printf.o
 .data          0x0000000000236748        0x0 kernel/vsprintf.o
 .data          0x0000000000236748        0x0 lib/klib.o
 .data          0x0000000000236748        0x0 lib/misc.o

.data1
 *(.data1)
                0x0000000000236748                _edata = .
                0x0000000000236748                PROVIDE (edata, .)
                0x0000000000236748                . = .
                0x0000000000236748                __bss_start = .

.bss            0x0000000000236760    0x2a610
 *(.dynbss)
 *(.bss .bss.* .gnu.linkonce.b.*)
 .bss           0x0000000000236760      0x800 kernel/kernel.o
 .bss           0x0000000000236f60        0x0 kernel/start.o
 .bss           0x0000000000236f60        0x0 kernel/main.o
 .bss           0x0000000000236f60        0x0 kernel/clock.o
 .bss           0x0000000000236f60       0x64 kernel/keyboard.o
 .bss           0x0000000000236fc4        0x0 kernel/tty.o
 .bss           0x0000000000236fc4        0x0 kernel/console.o
 .bss           0x0000000000236fc4        0x0 kernel/i8259.o
 .bss           0x0000000000236fc4        0x0 kernel/global.o
 .bss           0x0000000000236fc4        0x0 kernel/protect.o
 .bss           0x0000000000236fc4        0x0 kernel/proc.o
 .bss           0x0000000000236fc4        0x0 kernel/systask.o
 .bss           0x0000000000236fc4        0x0 kernel/printf.o
 .bss           0x0000000000236fc4        0x0 kernel/vsprintf.o
 .bss           0x0000000000236fc4        0x0 lib/klib.o
 .bss           0x0000000000236fc4        0x0 lib/misc.o
 *(COMMON)
 *fill*         0x0000000000236fc4       0x1c 
 COMMON         0x0000000000236fe0    0x29d90 kernel/global.o
                0x0000000000236fe0                idt_ptr
                0x0000000000237000                task_stack
                0x000000000025f000                k_reenter
                0x000000000025f020                gdt
                0x000000000025f420                tty_table
                0x0000000000260080                tss
                0x00000000002600e8                nr_current_console
                0x00000000002600ec                disp_pos
                0x00000000002600f0                gdt_ptr
                0x0000000000260100                idt
                0x0000000000260900                ticks
                0x0000000000260920                console_table
                0x0000000000260960                irq_table
                0x00000000002609e0                p_proc_ready
                0x0000000000260a00                proc_table
                0x0000000000260d70                . = ALIGN ((. != 0x0)?0x8:0x1)

.lbss
 *(.dynlbss)
 *(.lbss .lbss.* .gnu.linkonce.lb.*)
 *(LARGE_COMMON)
                0x0000000000260d70                . = ALIGN (0x8)
                0x0000000000260d70                . = SEGMENT_START ("ldata-segment", .)

.lrodata
 *(.lrodata .lrodata.* .gnu.linkonce.lr.*)

.ldata          0x0000000000660d70        0x0
 *(.ldata .ldata.* .gnu.linkonce.l.*)
                0x0000000000660d70                . = ALIGN ((. != 0x0)?0x8:0x1)
                0x0000000000660d70                . = ALIGN (0x8)
                0x0000000000660d70                _end = .
                0x0000000000660d70                PROVIDE (end, .)
                0x0000000000660d70                . = DATA_SEGMENT_END (.)

.stab
 *(.stab)

.stabstr
 *(.stabstr)

.stab.excl
 *(.stab.excl)

.stab.exclstr
 *(.stab.exclstr)

.stab.index
 *(.stab.index)

.stab.indexstr
 *(.stab.indexstr)

.comment        0x0000000000000000       0x29
 *(.comment)
 .comment       0x0000000000000000       0x29 kernel/start.o
                                         0x2a (size before relaxing)
 .comment       0x0000000000000000       0x2a kernel/main.o
 .comment       0x0000000000000000       0x2a kernel/clock.o
 .comment       0x0000000000000000       0x2a kernel/keyboard.o
 .comment       0x0000000000000000       0x2a kernel/tty.o
 .comment       0x0000000000000000       0x2a kernel/console.o
 .comment       0x0000000000000000       0x2a kernel/i8259.o
 .comment       0x0000000000000000       0x2a kernel/global.o
 .comment       0x0000000000000000       0x2a kernel/protect.o
 .comment       0x0000000000000000       0x2a kernel/proc.o
 .comment       0x0000000000000000       0x2a kernel/systask.o
 .comment       0x0000000000000000       0x2a kernel/printf.o
 .comment       0x0000000000000000       0x2a kernel/vsprintf.o
 .comment       0x0000000000000000       0x2a lib/klib.o
 .comment       0x0000000000000000       0x2a lib/misc.o

.debug
 *(.debug)

.line
 *(.line)

.debug_srcinfo
 *(.debug_srcinfo)

.debug_sfnames
 *(.debug_sfnames)

.debug_aranges
 *(.debug_aranges)

.debug_pubnames
 *(.debug_pubnames)

.debug_info
 *(.debug_info .gnu.linkonce.wi.*)

.debug_abbrev
 *(.debug_abbrev)

.debug_line
 *(.debug_line .debug_line.* .debug_line_end)

.debug_frame
 *(.debug_frame)

.debug_str
 *(.debug_str)

.debug_loc
 *(.debug_loc)

.debug_macinfo
 *(.debug_macinfo)

.debug_weaknames
 *(.debug_weaknames)

.debug_funcnames
 *(.debug_funcnames)

.debug_typenames
 *(.debug_typenames)

.debug_varnames
 *(.debug_varnames)

.debug_pubtypes
 *(.debug_pubtypes)

.debug_ranges
 *(.debug_ranges)

.debug_macro
 *(.debug_macro)

.gnu.attributes
 *(.gnu.attributes)

/DISCARD/
 *(.note.GNU-stack)
 *(.gnu_debuglink)
 *(.gnu.lto_*)
OUTPUT(kernel.bin elf64-x86-64)
